# 2026-09-23 11:09:19 KST  >>> s 2.0 10 10
START: current position = 0 deg.
P SET Kp=2.0000, Ki=0.0000, Kd=0.0000, speed_limit_deg_s=10.000, angle_deg=10.000
Run timeout [s]: 60.0
target_deg:0.000	position_deg:0.000	error_deg:0.000	p_deg_s:0.000	i_deg_s:0.000	d_deg_s:0.000	pid_deg_s:0.000	speed_deg_s:0.000	u_deg_s:0.000	v_limit_deg_s:10.000	dt_ms:10.000	kp:2.0000	ki:0.0000	kd:0.0000	t_s:0.100
target_deg:0.000	position_deg:0.000	error_deg:0.000	p_deg_s:0.000	i_deg_s:0.000	d_deg_s:0.000	pid_deg_s:0.000	speed_deg_s:0.000	u_deg_s:0.000	v_limit_deg_s:10.000	dt_ms:10.001	kp:2.0000	ki:0.0000	kd:0.0000	t_s:0.200
target_deg:0.000	position_deg:0.000	error_deg:0.000	p_deg_s:0.000	i_deg_s:0.000	d_deg_s:0.000	pid_deg_s:0.000	speed_deg_s:0.000	u_deg_s:0.000	v_limit_deg_s:10.000	dt_ms:10.000	kp:2.0000	ki:0.0000	kd:0.0000	t_s:0.300
target_deg:0.000	position_deg:0.000	error_deg:0.000	p_deg_s:0.000	i_deg_s:0.000	d_deg_s:0.000	pid_deg_s:0.000	speed_deg_s:0.000	u_deg_s:0.000	v_limit_deg_s:10.000	dt_ms:10.000	kp:2.0000	ki:0.0000	kd:0.0000	t_s:0.400
target_deg:0.000	position_deg:0.000	error_deg:0.000	p_deg_s:0.000	i_deg_s:0.000	d_deg_s:0.000	pid_deg_s:0.000	speed_deg_s:0.000	u_deg_s:0.000	v_limit_deg_s:10.000	dt_ms:10.000	kp:2.0000	ki:0.0000	kd:0.0000	t_s:0.500
target_deg:0.000	position_deg:0.000	error_deg:0.000	p_deg_s:0.000	i_deg_s:0.000	d_deg_s:0.000	pid_deg_s:0.000	speed_deg_s:0.000	u_deg_s:0.000	v_limit_deg_s:10.000	dt_ms:10.000	kp:2.0000	ki:0.0000	kd:0.0000	t_s:0.600
target_deg:0.000	position_deg:0.000	error_deg:0.000	p_deg_s:0.000	i_deg_s:0.000	d_deg_s:0.000	pid_deg_s:0.000	speed_deg_s:0.000	u_deg_s:0.000	v_limit_deg_s:10.000	dt_ms:10.000	kp:2.0000	ki:0.0000	kd:0.0000	t_s:0.700
target_deg:0.000	position_deg:0.000	error_deg:0.000	p_deg_s:0.000	i_deg_s:0.000	d_deg_s:0.000	pid_deg_s:0.000	speed_deg_s:0.000	u_deg_s:0.000	v_limit_deg_s:10.000	dt_ms:10.001	kp:2.0000	ki:0.0000	kd:0.0000	t_s:0.800
target_deg:0.000	position_deg:0.088	error_deg:-0.088	p_deg_s:0.000	i_deg_s:0.000	d_deg_s:0.000	pid_deg_s:0.000	speed_deg_s:0.000	u_deg_s:0.000	v_limit_deg_s:10.000	dt_ms:10.000	kp:2.0000	ki:0.0000	kd:0.0000	t_s:0.900
target_deg:0.000	position_deg:0.000	error_deg:0.000	p_deg_s:0.000	i_deg_s:0.000	d_deg_s:0.000	pid_deg_s:0.000	speed_deg_s:0.000	u_deg_s:0.000	v_limit_deg_s:10.000	dt_ms:10.000	kp:2.0000	ki:0.0000	kd:0.0000	t_s:1.000
target_deg:0.000	position_deg:0.000	error_deg:0.000	p_deg_s:0.000	i_deg_s:0.000	d_deg_s:0.000	pid_deg_s:0.000	speed_deg_s:0.000	u_deg_s:0.000	v_limit_deg_s:10.000	dt_ms:10.001	kp:2.0000	ki:0.0000	kd:0.0000	t_s:1.100
target_deg:0.000	position_deg:0.088	error_deg:-0.088	p_deg_s:0.000	i_deg_s:0.000	d_deg_s:0.000	pid_deg_s:0.000	speed_deg_s:0.000	u_deg_s:0.000	v_limit_deg_s:10.000	dt_ms:10.000	kp:2.0000	ki:0.0000	kd:0.0000	t_s:1.200
target_deg:0.000	position_deg:0.000	error_deg:0.000	p_deg_s:0.000	i_deg_s:0.000	d_deg_s:0.000	pid_deg_s:0.000	speed_deg_s:0.000	u_deg_s:0.000	v_limit_deg_s:10.000	dt_ms:10.000	kp:2.0000	ki:0.0000	kd:0.0000	t_s:1.300
target_deg:0.000	position_deg:0.000	error_deg:0.000	p_deg_s:0.000	i_deg_s:0.000	d_deg_s:0.000	pid_deg_s:0.000	speed_deg_s:0.000	u_deg_s:0.000	v_limit_deg_s:10.000	dt_ms:10.001	kp:2.0000	ki:0.0000	kd:0.0000	t_s:1.400
target_deg:0.000	position_deg:0.088	error_deg:-0.088	p_deg_s:0.000	i_deg_s:0.000	d_deg_s:0.000	pid_deg_s:0.000	speed_deg_s:0.000	u_deg_s:0.000	v_limit_deg_s:10.000	dt_ms:10.000	kp:2.0000	ki:0.0000	kd:0.0000	t_s:1.500
target_deg:0.000	position_deg:0.000	error_deg:0.000	p_deg_s:0.000	i_deg_s:0.000	d_deg_s:0.000	pid_deg_s:0.000	speed_deg_s:0.000	u_deg_s:0.000	v_limit_deg_s:10.000	dt_ms:10.000	kp:2.0000	ki:0.0000	kd:0.0000	t_s:1.600
target_deg:0.000	position_deg:0.000	error_deg:0.000	p_deg_s:0.000	i_deg_s:0.000	d_deg_s:0.000	pid_deg_s:0.000	speed_deg_s:0.000	u_deg_s:0.000	v_limit_deg_s:10.000	dt_ms:10.000	kp:2.0000	ki:0.0000	kd:0.0000	t_s:1.700
target_deg:0.000	position_deg:0.000	error_deg:0.000	p_deg_s:0.000	i_deg_s:0.000	d_deg_s:0.000	pid_deg_s:0.000	speed_deg_s:0.000	u_deg_s:0.000	v_limit_deg_s:10.000	dt_ms:10.000	kp:2.0000	ki:0.0000	kd:0.0000	t_s:1.800
target_deg:0.000	position_deg:0.000	error_deg:0.000	p_deg_s:0.000	i_deg_s:0.000	d_deg_s:0.000	pid_deg_s:0.000	speed_deg_s:0.000	u_deg_s:0.000	v_limit_deg_s:10.000	dt_ms:10.000	kp:2.0000	ki:0.0000	kd:0.0000	t_s:1.900
target_deg:10.000	position_deg:0.000	error_deg:10.000	p_deg_s:20.000	i_deg_s:0.000	d_deg_s:0.000	pid_deg_s:20.000	speed_deg_s:0.000	u_deg_s:9.618	v_limit_deg_s:10.000	dt_ms:10.001	kp:2.0000	ki:0.0000	kd:0.0000	t_s:2.000
target_deg:10.000	position_deg:0.176	error_deg:9.824	p_deg_s:19.648	i_deg_s:0.000	d_deg_s:0.000	pid_deg_s:19.648	speed_deg_s:0.000	u_deg_s:9.618	v_limit_deg_s:10.000	dt_ms:10.000	kp:2.0000	ki:0.0000	kd:0.0000	t_s:2.100
target_deg:10.000	position_deg:1.143	error_deg:8.857	p_deg_s:17.715	i_deg_s:0.000	d_deg_s:0.000	pid_deg_s:17.715	speed_deg_s:8.244	u_deg_s:9.618	v_limit_deg_s:10.000	dt_ms:10.000	kp:2.0000	ki:0.0000	kd:0.0000	t_s:2.200
target_deg:10.000	position_deg:2.109	error_deg:7.891	p_deg_s:15.781	i_deg_s:0.000	d_deg_s:0.000	pid_deg_s:15.781	speed_deg_s:9.618	u_deg_s:9.618	v_limit_deg_s:10.000	dt_ms:10.001	kp:2.0000	ki:0.0000	kd:0.0000	t_s:2.300
target_deg:10.000	position_deg:3.164	error_deg:6.836	p_deg_s:13.672	i_deg_s:0.000	d_deg_s:0.000	pid_deg_s:13.672	speed_deg_s:9.618	u_deg_s:9.618	v_limit_deg_s:10.000	dt_ms:10.000	kp:2.0000	ki:0.0000	kd:0.0000	t_s:2.400
target_deg:10.000	position_deg:4.219	error_deg:5.781	p_deg_s:11.562	i_deg_s:0.000	d_deg_s:0.000	pid_deg_s:11.562	speed_deg_s:9.618	u_deg_s:9.618	v_limit_deg_s:10.000	dt_ms:10.000	kp:2.0000	ki:0.0000	kd:0.0000	t_s:2.500
target_deg:10.000	position_deg:5.186	error_deg:4.814	p_deg_s:9.629	i_deg_s:0.000	d_deg_s:0.000	pid_deg_s:9.629	speed_deg_s:9.618	u_deg_s:9.618	v_limit_deg_s:10.000	dt_ms:10.000	kp:2.0000	ki:0.0000	kd:0.0000	t_s:2.600
target_deg:10.000	position_deg:6.064	error_deg:3.936	p_deg_s:7.871	i_deg_s:0.000	d_deg_s:0.000	pid_deg_s:7.871	speed_deg_s:8.244	u_deg_s:8.244	v_limit_deg_s:10.000	dt_ms:10.001	kp:2.0000	ki:0.0000	kd:0.0000	t_s:2.700
target_deg:10.000	position_deg:6.768	error_deg:3.232	p_deg_s:6.465	i_deg_s:0.000	d_deg_s:0.000	pid_deg_s:6.465	speed_deg_s:6.870	u_deg_s:6.870	v_limit_deg_s:10.000	dt_ms:10.000	kp:2.0000	ki:0.0000	kd:0.0000	t_s:2.800
target_deg:10.000	position_deg:7.471	error_deg:2.529	p_deg_s:5.059	i_deg_s:0.000	d_deg_s:0.000	pid_deg_s:5.059	speed_deg_s:5.496	u_deg_s:5.496	v_limit_deg_s:10.000	dt_ms:10.000	kp:2.0000	ki:0.0000	kd:0.0000	t_s:2.900
target_deg:10.000	position_deg:7.998	error_deg:2.002	p_deg_s:4.004	i_deg_s:0.000	d_deg_s:0.000	pid_deg_s:4.004	speed_deg_s:5.496	u_deg_s:4.122	v_limit_deg_s:10.000	dt_ms:10.000	kp:2.0000	ki:0.0000	kd:0.0000	t_s:3.000
target_deg:10.000	position_deg:8.350	error_deg:1.650	p_deg_s:3.301	i_deg_s:0.000	d_deg_s:0.000	pid_deg_s:3.301	speed_deg_s:2.748	u_deg_s:2.748	v_limit_deg_s:10.000	dt_ms:10.000	kp:2.0000	ki:0.0000	kd:0.0000	t_s:3.100
target_deg:10.000	position_deg:8.701	error_deg:1.299	p_deg_s:2.598	i_deg_s:0.000	d_deg_s:0.000	pid_deg_s:2.598	speed_deg_s:4.122	u_deg_s:2.748	v_limit_deg_s:10.000	dt_ms:10.000	kp:2.0000	ki:0.0000	kd:0.0000	t_s:3.200
target_deg:10.000	position_deg:8.965	error_deg:1.035	p_deg_s:2.070	i_deg_s:0.000	d_deg_s:0.000	pid_deg_s:2.070	speed_deg_s:1.374	u_deg_s:2.748	v_limit_deg_s:10.000	dt_ms:10.000	kp:2.0000	ki:0.0000	kd:0.0000	t_s:3.300
target_deg:10.000	position_deg:9.053	error_deg:0.947	p_deg_s:1.895	i_deg_s:0.000	d_deg_s:0.000	pid_deg_s:1.895	speed_deg_s:0.000	u_deg_s:1.374	v_limit_deg_s:10.000	dt_ms:10.000	kp:2.0000	ki:0.0000	kd:0.0000	t_s:3.400
target_deg:10.000	position_deg:9.229	error_deg:0.771	p_deg_s:1.543	i_deg_s:0.000	d_deg_s:0.000	pid_deg_s:1.543	speed_deg_s:1.374	u_deg_s:1.374	v_limit_deg_s:10.000	dt_ms:10.000	kp:2.0000	ki:0.0000	kd:0.0000	t_s:3.500
target_deg:10.000	position_deg:9.404	error_deg:0.596	p_deg_s:1.191	i_deg_s:0.000	d_deg_s:0.000	pid_deg_s:1.191	speed_deg_s:1.374	u_deg_s:1.374	v_limit_deg_s:10.000	dt_ms:10.001	kp:2.0000	ki:0.0000	kd:0.0000	t_s:3.600
target_deg:10.000	position_deg:9.492	error_deg:0.508	p_deg_s:1.016	i_deg_s:0.000	d_deg_s:0.000	pid_deg_s:1.016	speed_deg_s:0.000	u_deg_s:1.374	v_limit_deg_s:10.000	dt_ms:10.000	kp:2.0000	ki:0.0000	kd:0.0000	t_s:3.700
target_deg:10.000	position_deg:9.580	error_deg:0.420	p_deg_s:0.840	i_deg_s:0.000	d_deg_s:0.000	pid_deg_s:0.840	speed_deg_s:0.000	u_deg_s:1.374	v_limit_deg_s:10.000	dt_ms:10.000	kp:2.0000	ki:0.0000	kd:0.0000	t_s:3.800
target_deg:10.000	position_deg:9.756	error_deg:0.244	p_deg_s:0.488	i_deg_s:0.000	d_deg_s:0.000	pid_deg_s:0.488	speed_deg_s:0.000	u_deg_s:0.000	v_limit_deg_s:10.000	dt_ms:10.000	kp:2.0000	ki:0.0000	kd:0.0000	t_s:3.900
target_deg:10.000	position_deg:9.756	error_deg:0.244	p_deg_s:0.488	i_deg_s:0.000	d_deg_s:0.000	pid_deg_s:0.488	speed_deg_s:0.000	u_deg_s:0.000	v_limit_deg_s:10.000	dt_ms:10.001	kp:2.0000	ki:0.0000	kd:0.0000	t_s:4.000
target_deg:10.000	position_deg:9.756	error_deg:0.244	p_deg_s:0.488	i_deg_s:0.000	d_deg_s:0.000	pid_deg_s:0.488	speed_deg_s:0.000	u_deg_s:0.000	v_limit_deg_s:10.000	dt_ms:10.000	kp:2.0000	ki:0.0000	kd:0.0000	t_s:4.100
target_deg:10.000	position_deg:9.756	error_deg:0.244	p_deg_s:0.488	i_deg_s:0.000	d_deg_s:0.000	pid_deg_s:0.488	speed_deg_s:0.000	u_deg_s:0.000	v_limit_deg_s:10.000	dt_ms:10.000	kp:2.0000	ki:0.0000	kd:0.0000	t_s:4.200
target_deg:10.000	position_deg:9.756	error_deg:0.244	p_deg_s:0.488	i_deg_s:0.000	d_deg_s:0.000	pid_deg_s:0.488	speed_deg_s:0.000	u_deg_s:0.000	v_limit_deg_s:10.000	dt_ms:10.001	kp:2.0000	ki:0.0000	kd:0.0000	t_s:4.300
target_deg:10.000	position_deg:9.668	error_deg:0.332	p_deg_s:0.664	i_deg_s:0.000	d_deg_s:0.000	pid_deg_s:0.664	speed_deg_s:0.000	u_deg_s:0.000	v_limit_deg_s:10.000	dt_ms:10.001	kp:2.0000	ki:0.0000	kd:0.0000	t_s:4.400
target_deg:10.000	position_deg:9.756	error_deg:0.244	p_deg_s:0.488	i_deg_s:0.000	d_deg_s:0.000	pid_deg_s:0.488	speed_deg_s:0.000	u_deg_s:0.000	v_limit_deg_s:10.000	dt_ms:10.001	kp:2.0000	ki:0.0000	kd:0.0000	t_s:4.500
target_deg:10.000	position_deg:9.756	error_deg:0.244	p_deg_s:0.488	i_deg_s:0.000	d_deg_s:0.000	pid_deg_s:0.488	speed_deg_s:0.000	u_deg_s:0.000	v_limit_deg_s:10.000	dt_ms:10.001	kp:2.0000	ki:0.0000	kd:0.0000	t_s:4.600
target_deg:10.000	position_deg:9.756	error_deg:0.244	p_deg_s:0.488	i_deg_s:0.000	d_deg_s:0.000	pid_deg_s:0.488	speed_deg_s:0.000	u_deg_s:0.000	v_limit_deg_s:10.000	dt_ms:10.000	kp:2.0000	ki:0.0000	kd:0.0000	t_s:4.700
target_deg:10.000	position_deg:9.756	error_deg:0.244	p_deg_s:0.488	i_deg_s:0.000	d_deg_s:0.000	pid_deg_s:0.488	speed_deg_s:0.000	u_deg_s:0.000	v_limit_deg_s:10.000	dt_ms:10.001	kp:2.0000	ki:0.0000	kd:0.0000	t_s:4.800
target_deg:10.000	position_deg:9.668	error_deg:0.332	p_deg_s:0.664	i_deg_s:0.000	d_deg_s:0.000	pid_deg_s:0.664	speed_deg_s:0.000	u_deg_s:0.000	v_limit_deg_s:10.000	dt_ms:10.000	kp:2.0000	ki:0.0000	kd:0.0000	t_s:4.900
target_deg:10.000	position_deg:9.756	error_deg:0.244	p_deg_s:0.488	i_deg_s:0.000	d_deg_s:0.000	pid_deg_s:0.488	speed_deg_s:0.000	u_deg_s:0.000	v_limit_deg_s:10.000	dt_ms:10.000	kp:2.0000	ki:0.0000	kd:0.0000	t_s:5.000
target_deg:10.000	position_deg:9.756	error_deg:0.244	p_deg_s:0.488	i_deg_s:0.000	d_deg_s:0.000	pid_deg_s:0.488	speed_deg_s:0.000	u_deg_s:0.000	v_limit_deg_s:10.000	dt_ms:10.000	kp:2.0000	ki:0.0000	kd:0.0000	t_s:5.100
target_deg:10.000	position_deg:9.756	error_deg:0.244	p_deg_s:0.488	i_deg_s:0.000	d_deg_s:0.000	pid_deg_s:0.488	speed_deg_s:0.000	u_deg_s:0.000	v_limit_deg_s:10.000	dt_ms:10.000	kp:2.0000	ki:0.0000	kd:0.0000	t_s:5.200
target_deg:10.000	position_deg:9.756	error_deg:0.244	p_deg_s:0.488	i_deg_s:0.000	d_deg_s:0.000	pid_deg_s:0.488	speed_deg_s:0.000	u_deg_s:0.000	v_limit_deg_s:10.000	dt_ms:10.001	kp:2.0000	ki:0.0000	kd:0.0000	t_s:5.300
target_deg:10.000	position_deg:9.668	error_deg:0.332	p_deg_s:0.664	i_deg_s:0.000	d_deg_s:0.000	pid_deg_s:0.664	speed_deg_s:0.000	u_deg_s:0.000	v_limit_deg_s:10.000	dt_ms:10.000	kp:2.0000	ki:0.0000	kd:0.0000	t_s:5.400
target_deg:10.000	position_deg:9.668	error_deg:0.332	p_deg_s:0.664	i_deg_s:0.000	d_deg_s:0.000	pid_deg_s:0.664	speed_deg_s:0.000	u_deg_s:0.000	v_limit_deg_s:10.000	dt_ms:10.000	kp:2.0000	ki:0.0000	kd:0.0000	t_s:5.500
target_deg:10.000	position_deg:9.756	error_deg:0.244	p_deg_s:0.488	i_deg_s:0.000	d_deg_s:0.000	pid_deg_s:0.488	speed_deg_s:0.000	u_deg_s:0.000	v_limit_deg_s:10.000	dt_ms:10.000	kp:2.0000	ki:0.0000	kd:0.0000	t_s:5.600
target_deg:10.000	position_deg:9.756	error_deg:0.244	p_deg_s:0.488	i_deg_s:0.000	d_deg_s:0.000	pid_deg_s:0.488	speed_deg_s:0.000	u_deg_s:0.000	v_limit_deg_s:10.000	dt_ms:10.000	kp:2.0000	ki:0.0000	kd:0.0000	t_s:5.700
target_deg:10.000	position_deg:9.756	error_deg:0.244	p_deg_s:0.488	i_deg_s:0.000	d_deg_s:0.000	pid_deg_s:0.488	speed_deg_s:0.000	u_deg_s:0.000	v_limit_deg_s:10.000	dt_ms:10.001	kp:2.0000	ki:0.0000	kd:0.0000	t_s:5.800
target_deg:10.000	position_deg:9.756	error_deg:0.244	p_deg_s:0.488	i_deg_s:0.000	d_deg_s:0.000	pid_deg_s:0.488	speed_deg_s:0.000	u_deg_s:0.000	v_limit_deg_s:10.000	dt_ms:10.000	kp:2.0000	ki:0.0000	kd:0.0000	t_s:5.900
target_deg:10.000	position_deg:9.668	error_deg:0.332	p_deg_s:0.664	i_deg_s:0.000	d_deg_s:0.000	pid_deg_s:0.664	speed_deg_s:0.000	u_deg_s:0.000	v_limit_deg_s:10.000	dt_ms:10.000	kp:2.0000	ki:0.0000	kd:0.0000	t_s:6.000
target_deg:10.000	position_deg:9.756	error_deg:0.244	p_deg_s:0.488	i_deg_s:0.000	d_deg_s:0.000	pid_deg_s:0.488	speed_deg_s:0.000	u_deg_s:0.000	v_limit_deg_s:10.000	dt_ms:10.000	kp:2.0000	ki:0.0000	kd:0.0000	t_s:6.100
target_deg:10.000	position_deg:9.756	error_deg:0.244	p_deg_s:0.488	i_deg_s:0.000	d_deg_s:0.000	pid_deg_s:0.488	speed_deg_s:0.000	u_deg_s:0.000	v_limit_deg_s:10.000	dt_ms:10.000	kp:2.0000	ki:0.0000	kd:0.0000	t_s:6.200
target_deg:10.000	position_deg:9.756	error_deg:0.244	p_deg_s:0.488	i_deg_s:0.000	d_deg_s:0.000	pid_deg_s:0.488	speed_deg_s:0.000	u_deg_s:0.000	v_limit_deg_s:10.000	dt_ms:10.001	kp:2.0000	ki:0.0000	kd:0.0000	t_s:6.300
target_deg:10.000	position_deg:9.668	error_deg:0.332	p_deg_s:0.664	i_deg_s:0.000	d_deg_s:0.000	pid_deg_s:0.664	speed_deg_s:0.000	u_deg_s:0.000	v_limit_deg_s:10.000	dt_ms:10.000	kp:2.0000	ki:0.0000	kd:0.0000	t_s:6.400
target_deg:10.000	position_deg:9.756	error_deg:0.244	p_deg_s:0.488	i_deg_s:0.000	d_deg_s:0.000	pid_deg_s:0.488	speed_deg_s:0.000	u_deg_s:0.000	v_limit_deg_s:10.000	dt_ms:10.000	kp:2.0000	ki:0.0000	kd:0.0000	t_s:6.500
target_deg:10.000	position_deg:9.756	error_deg:0.244	p_deg_s:0.488	i_deg_s:0.000	d_deg_s:0.000	pid_deg_s:0.488	speed_deg_s:0.000	u_deg_s:0.000	v_limit_deg_s:10.000	dt_ms:10.001	kp:2.0000	ki:0.0000	kd:0.0000	t_s:6.600
target_deg:10.000	position_deg:9.756	error_deg:0.244	p_deg_s:0.488	i_deg_s:0.000	d_deg_s:0.000	pid_deg_s:0.488	speed_deg_s:0.000	u_deg_s:0.000	v_limit_deg_s:10.000	dt_ms:10.000	kp:2.0000	ki:0.0000	kd:0.0000	t_s:6.700
target_deg:10.000	position_deg:9.756	error_deg:0.244	p_deg_s:0.488	i_deg_s:0.000	d_deg_s:0.000	pid_deg_s:0.488	speed_deg_s:0.000	u_deg_s:0.000	v_limit_deg_s:10.000	dt_ms:10.000	kp:2.0000	ki:0.0000	kd:0.0000	t_s:6.800
target_deg:10.000	position_deg:9.756	error_deg:0.244	p_deg_s:0.488	i_deg_s:0.000	d_deg_s:0.000	pid_deg_s:0.488	speed_deg_s:0.000	u_deg_s:0.000	v_limit_deg_s:10.000	dt_ms:10.000	kp:2.0000	ki:0.0000	kd:0.0000	t_s:6.900
target_deg:10.000	position_deg:9.756	error_deg:0.244	p_deg_s:0.488	i_deg_s:0.000	d_deg_s:0.000	pid_deg_s:0.488	speed_deg_s:0.000	u_deg_s:0.000	v_limit_deg_s:10.000	dt_ms:10.000	kp:2.0000	ki:0.0000	kd:0.0000	t_s:7.000
target_deg:10.000	position_deg:9.668	error_deg:0.332	p_deg_s:0.664	i_deg_s:0.000	d_deg_s:0.000	pid_deg_s:0.664	speed_deg_s:0.000	u_deg_s:0.000	v_limit_deg_s:10.000	dt_ms:10.000	kp:2.0000	ki:0.0000	kd:0.0000	t_s:7.100
target_deg:10.000	position_deg:9.756	error_deg:0.244	p_deg_s:0.488	i_deg_s:0.000	d_deg_s:0.000	pid_deg_s:0.488	speed_deg_s:0.000	u_deg_s:0.000	v_limit_deg_s:10.000	dt_ms:10.000	kp:2.0000	ki:0.0000	kd:0.0000	t_s:7.200
target_deg:10.000	position_deg:9.756	error_deg:0.244	p_deg_s:0.488	i_deg_s:0.000	d_deg_s:0.000	pid_deg_s:0.488	speed_deg_s:0.000	u_deg_s:0.000	v_limit_deg_s:10.000	dt_ms:10.001	kp:2.0000	ki:0.0000	kd:0.0000	t_s:7.300
target_deg:10.000	position_deg:9.756	error_deg:0.244	p_deg_s:0.488	i_deg_s:0.000	d_deg_s:0.000	pid_deg_s:0.488	speed_deg_s:0.000	u_deg_s:0.000	v_limit_deg_s:10.000	dt_ms:10.002	kp:2.0000	ki:0.0000	kd:0.0000	t_s:7.400
target_deg:10.000	position_deg:9.756	error_deg:0.244	p_deg_s:0.488	i_deg_s:0.000	d_deg_s:0.000	pid_deg_s:0.488	speed_deg_s:0.000	u_deg_s:0.000	v_limit_deg_s:10.000	dt_ms:10.001	kp:2.0000	ki:0.0000	kd:0.0000	t_s:7.500
target_deg:10.000	position_deg:9.756	error_deg:0.244	p_deg_s:0.488	i_deg_s:0.000	d_deg_s:0.000	pid_deg_s:0.488	speed_deg_s:0.000	u_deg_s:0.000	v_limit_deg_s:10.000	dt_ms:10.002	kp:2.0000	ki:0.0000	kd:0.0000	t_s:7.600
target_deg:10.000	position_deg:9.756	error_deg:0.244	p_deg_s:0.488	i_deg_s:0.000	d_deg_s:0.000	pid_deg_s:0.488	speed_deg_s:0.000	u_deg_s:0.000	v_limit_deg_s:10.000	dt_ms:10.002	kp:2.0000	ki:0.0000	kd:0.0000	t_s:7.700
target_deg:10.000	position_deg:9.756	error_deg:0.244	p_deg_s:0.488	i_deg_s:0.000	d_deg_s:0.000	pid_deg_s:0.488	speed_deg_s:0.000	u_deg_s:0.000	v_limit_deg_s:10.000	dt_ms:10.000	kp:2.0000	ki:0.0000	kd:0.0000	t_s:7.800
target_deg:10.000	position_deg:9.756	error_deg:0.244	p_deg_s:0.488	i_deg_s:0.000	d_deg_s:0.000	pid_deg_s:0.488	speed_deg_s:0.000	u_deg_s:0.000	v_limit_deg_s:10.000	dt_ms:10.001	kp:2.0000	ki:0.0000	kd:0.0000	t_s:7.900
target_deg:10.000	position_deg:9.756	error_deg:0.244	p_deg_s:0.488	i_deg_s:0.000	d_deg_s:0.000	pid_deg_s:0.488	speed_deg_s:0.000	u_deg_s:0.000	v_limit_deg_s:10.000	dt_ms:10.001	kp:2.0000	ki:0.0000	kd:0.0000	t_s:8.000
target_deg:10.000	position_deg:9.668	error_deg:0.332	p_deg_s:0.664	i_deg_s:0.000	d_deg_s:0.000	pid_deg_s:0.664	speed_deg_s:0.000	u_deg_s:0.000	v_limit_deg_s:10.000	dt_ms:10.001	kp:2.0000	ki:0.0000	kd:0.0000	t_s:8.100
target_deg:10.000	position_deg:9.668	error_deg:0.332	p_deg_s:0.664	i_deg_s:0.000	d_deg_s:0.000	pid_deg_s:0.664	speed_deg_s:0.000	u_deg_s:0.000	v_limit_deg_s:10.000	dt_ms:10.001	kp:2.0000	ki:0.0000	kd:0.0000	t_s:8.200
target_deg:10.000	position_deg:9.668	error_deg:0.332	p_deg_s:0.664	i_deg_s:0.000	d_deg_s:0.000	pid_deg_s:0.664	speed_deg_s:0.000	u_deg_s:0.000	v_limit_deg_s:10.000	dt_ms:10.002	kp:2.0000	ki:0.0000	kd:0.0000	t_s:8.300
target_deg:10.000	position_deg:9.756	error_deg:0.244	p_deg_s:0.488	i_deg_s:0.000	d_deg_s:0.000	pid_deg_s:0.488	speed_deg_s:0.000	u_deg_s:0.000	v_limit_deg_s:10.000	dt_ms:10.001	kp:2.0000	ki:0.0000	kd:0.0000	t_s:8.400
target_deg:10.000	position_deg:9.756	error_deg:0.244	p_deg_s:0.488	i_deg_s:0.000	d_deg_s:0.000	pid_deg_s:0.488	speed_deg_s:0.000	u_deg_s:0.000	v_limit_deg_s:10.000	dt_ms:10.000	kp:2.0000	ki:0.0000	kd:0.0000	t_s:8.500
target_deg:10.000	position_deg:9.756	error_deg:0.244	p_deg_s:0.488	i_deg_s:0.000	d_deg_s:0.000	pid_deg_s:0.488	speed_deg_s:0.000	u_deg_s:0.000	v_limit_deg_s:10.000	dt_ms:10.000	kp:2.0000	ki:0.0000	kd:0.0000	t_s:8.600
target_deg:10.000	position_deg:9.756	error_deg:0.244	p_deg_s:0.488	i_deg_s:0.000	d_deg_s:0.000	pid_deg_s:0.488	speed_deg_s:0.000	u_deg_s:0.000	v_limit_deg_s:10.000	dt_ms:10.001	kp:2.0000	ki:0.0000	kd:0.0000	t_s:8.700
target_deg:10.000	position_deg:9.668	error_deg:0.332	p_deg_s:0.664	i_deg_s:0.000	d_deg_s:0.000	pid_deg_s:0.664	speed_deg_s:0.000	u_deg_s:0.000	v_limit_deg_s:10.000	dt_ms:10.001	kp:2.0000	ki:0.0000	kd:0.0000	t_s:8.800
target_deg:10.000	position_deg:9.668	error_deg:0.332	p_deg_s:0.664	i_deg_s:0.000	d_deg_s:0.000	pid_deg_s:0.664	speed_deg_s:0.000	u_deg_s:0.000	v_limit_deg_s:10.000	dt_ms:10.002	kp:2.0000	ki:0.0000	kd:0.0000	t_s:8.900
target_deg:10.000	position_deg:9.668	error_deg:0.332	p_deg_s:0.664	i_deg_s:0.000	d_deg_s:0.000	pid_deg_s:0.664	speed_deg_s:0.000	u_deg_s:0.000	v_limit_deg_s:10.000	dt_ms:10.002	kp:2.0000	ki:0.0000	kd:0.0000	t_s:9.000
target_deg:10.000	position_deg:9.668	error_deg:0.332	p_deg_s:0.664	i_deg_s:0.000	d_deg_s:0.000	pid_deg_s:0.664	speed_deg_s:0.000	u_deg_s:0.000	v_limit_deg_s:10.000	dt_ms:10.000	kp:2.0000	ki:0.0000	kd:0.0000	t_s:9.100
target_deg:10.000	position_deg:9.668	error_deg:0.332	p_deg_s:0.664	i_deg_s:0.000	d_deg_s:0.000	pid_deg_s:0.664	speed_deg_s:0.000	u_deg_s:0.000	v_limit_deg_s:10.000	dt_ms:10.003	kp:2.0000	ki:0.0000	kd:0.0000	t_s:9.200
target_deg:10.000	position_deg:9.756	error_deg:0.244	p_deg_s:0.488	i_deg_s:0.000	d_deg_s:0.000	pid_deg_s:0.488	speed_deg_s:0.000	u_deg_s:0.000	v_limit_deg_s:10.000	dt_ms:10.001	kp:2.0000	ki:0.0000	kd:0.0000	t_s:9.301
target_deg:10.000	position_deg:9.756	error_deg:0.244	p_deg_s:0.488	i_deg_s:0.000	d_deg_s:0.000	pid_deg_s:0.488	speed_deg_s:0.000	u_deg_s:0.000	v_limit_deg_s:10.000	dt_ms:10.001	kp:2.0000	ki:0.0000	kd:0.0000	t_s:9.401
target_deg:10.000	position_deg:9.756	error_deg:0.244	p_deg_s:0.488	i_deg_s:0.000	d_deg_s:0.000	pid_deg_s:0.488	speed_deg_s:0.000	u_deg_s:0.000	v_limit_deg_s:10.000	dt_ms:10.002	kp:2.0000	ki:0.0000	kd:0.0000	t_s:9.501
target_deg:10.000	position_deg:9.756	error_deg:0.244	p_deg_s:0.488	i_deg_s:0.000	d_deg_s:0.000	pid_deg_s:0.488	speed_deg_s:0.000	u_deg_s:0.000	v_limit_deg_s:10.000	dt_ms:10.001	kp:2.0000	ki:0.0000	kd:0.0000	t_s:9.601
target_deg:10.000	position_deg:9.756	error_deg:0.244	p_deg_s:0.488	i_deg_s:0.000	d_deg_s:0.000	pid_deg_s:0.488	speed_deg_s:0.000	u_deg_s:0.000	v_limit_deg_s:10.000	dt_ms:10.002	kp:2.0000	ki:0.0000	kd:0.0000	t_s:9.701
target_deg:10.000	position_deg:9.756	error_deg:0.244	p_deg_s:0.488	i_deg_s:0.000	d_deg_s:0.000	pid_deg_s:0.488	speed_deg_s:0.000	u_deg_s:0.000	v_limit_deg_s:10.000	dt_ms:10.002	kp:2.0000	ki:0.0000	kd:0.0000	t_s:9.801
target_deg:10.000	position_deg:9.756	error_deg:0.244	p_deg_s:0.488	i_deg_s:0.000	d_deg_s:0.000	pid_deg_s:0.488	speed_deg_s:0.000	u_deg_s:0.000	v_limit_deg_s:10.000	dt_ms:10.000	kp:2.0000	ki:0.0000	kd:0.0000	t_s:9.901
target_deg:10.000	position_deg:9.756	error_deg:0.244	p_deg_s:0.488	i_deg_s:0.000	d_deg_s:0.000	pid_deg_s:0.488	speed_deg_s:0.000	u_deg_s:0.000	v_limit_deg_s:10.000	dt_ms:10.002	kp:2.0000	ki:0.0000	kd:0.0000	t_s:10.001
target_deg:10.000	position_deg:9.756	error_deg:0.244	p_deg_s:0.488	i_deg_s:0.000	d_deg_s:0.000	pid_deg_s:0.488	speed_deg_s:0.000	u_deg_s:0.000	v_limit_deg_s:10.000	dt_ms:10.002	kp:2.0000	ki:0.0000	kd:0.0000	t_s:10.101
target_deg:10.000	position_deg:9.756	error_deg:0.244	p_deg_s:0.488	i_deg_s:0.000	d_deg_s:0.000	pid_deg_s:0.488	speed_deg_s:0.000	u_deg_s:0.000	v_limit_deg_s:10.000	dt_ms:10.000	kp:2.0000	ki:0.0000	kd:0.0000	t_s:10.201
target_deg:10.000	position_deg:9.756	error_deg:0.244	p_deg_s:0.488	i_deg_s:0.000	d_deg_s:0.000	pid_deg_s:0.488	speed_deg_s:0.000	u_deg_s:0.000	v_limit_deg_s:10.000	dt_ms:10.002	kp:2.0000	ki:0.0000	kd:0.0000	t_s:10.301
target_deg:10.000	position_deg:9.668	error_deg:0.332	p_deg_s:0.664	i_deg_s:0.000	d_deg_s:0.000	pid_deg_s:0.664	speed_deg_s:0.000	u_deg_s:0.000	v_limit_deg_s:10.000	dt_ms:10.002	kp:2.0000	ki:0.0000	kd:0.0000	t_s:10.401
target_deg:10.000	position_deg:9.756	error_deg:0.244	p_deg_s:0.488	i_deg_s:0.000	d_deg_s:0.000	pid_deg_s:0.488	speed_deg_s:0.000	u_deg_s:0.000	v_limit_deg_s:10.000	dt_ms:10.002	kp:2.0000	ki:0.0000	kd:0.0000	t_s:10.501
target_deg:10.000	position_deg:9.756	error_deg:0.244	p_deg_s:0.488	i_deg_s:0.000	d_deg_s:0.000	pid_deg_s:0.488	speed_deg_s:0.000	u_deg_s:0.000	v_limit_deg_s:10.000	dt_ms:10.001	kp:2.0000	ki:0.0000	kd:0.0000	t_s:10.601
target_deg:10.000	position_deg:9.756	error_deg:0.244	p_deg_s:0.488	i_deg_s:0.000	d_deg_s:0.000	pid_deg_s:0.488	speed_deg_s:0.000	u_deg_s:0.000	v_limit_deg_s:10.000	dt_ms:10.001	kp:2.0000	ki:0.0000	kd:0.0000	t_s:10.701
target_deg:10.000	position_deg:9.756	error_deg:0.244	p_deg_s:0.488	i_deg_s:0.000	d_deg_s:0.000	pid_deg_s:0.488	speed_deg_s:0.000	u_deg_s:0.000	v_limit_deg_s:10.000	dt_ms:10.000	kp:2.0000	ki:0.0000	kd:0.0000	t_s:10.801
target_deg:10.000	position_deg:9.756	error_deg:0.244	p_deg_s:0.488	i_deg_s:0.000	d_deg_s:0.000	pid_deg_s:0.488	speed_deg_s:0.000	u_deg_s:0.000	v_limit_deg_s:10.000	dt_ms:10.002	kp:2.0000	ki:0.0000	kd:0.0000	t_s:10.901
target_deg:10.000	position_deg:9.756	error_deg:0.244	p_deg_s:0.488	i_deg_s:0.000	d_deg_s:0.000	pid_deg_s:0.488	speed_deg_s:0.000	u_deg_s:0.000	v_limit_deg_s:10.000	dt_ms:10.002	kp:2.0000	ki:0.0000	kd:0.0000	t_s:11.001
target_deg:10.000	position_deg:9.756	error_deg:0.244	p_deg_s:0.488	i_deg_s:0.000	d_deg_s:0.000	pid_deg_s:0.488	speed_deg_s:0.000	u_deg_s:0.000	v_limit_deg_s:10.000	dt_ms:10.002	kp:2.0000	ki:0.0000	kd:0.0000	t_s:11.101
target_deg:10.000	position_deg:9.756	error_deg:0.244	p_deg_s:0.488	i_deg_s:0.000	d_deg_s:0.000	pid_deg_s:0.488	speed_deg_s:0.000	u_deg_s:0.000	v_limit_deg_s:10.000	dt_ms:10.001	kp:2.0000	ki:0.0000	kd:0.0000	t_s:11.201
target_deg:10.000	position_deg:9.668	error_deg:0.332	p_deg_s:0.664	i_deg_s:0.000	d_deg_s:0.000	pid_deg_s:0.664	speed_deg_s:0.000	u_deg_s:0.000	v_limit_deg_s:10.000	dt_ms:10.002	kp:2.0000	ki:0.0000	kd:0.0000	t_s:11.301
target_deg:10.000	position_deg:9.756	error_deg:0.244	p_deg_s:0.488	i_deg_s:0.000	d_deg_s:0.000	pid_deg_s:0.488	speed_deg_s:0.000	u_deg_s:0.000	v_limit_deg_s:10.000	dt_ms:10.000	kp:2.0000	ki:0.0000	kd:0.0000	t_s:11.401
target_deg:10.000	position_deg:9.756	error_deg:0.244	p_deg_s:0.488	i_deg_s:0.000	d_deg_s:0.000	pid_deg_s:0.488	speed_deg_s:0.000	u_deg_s:0.000	v_limit_deg_s:10.000	dt_ms:10.000	kp:2.0000	ki:0.0000	kd:0.0000	t_s:11.501
target_deg:10.000	position_deg:9.668	error_deg:0.332	p_deg_s:0.664	i_deg_s:0.000	d_deg_s:0.000	pid_deg_s:0.664	speed_deg_s:0.000	u_deg_s:0.000	v_limit_deg_s:10.000	dt_ms:10.002	kp:2.0000	ki:0.0000	kd:0.0000	t_s:11.601
target_deg:10.000	position_deg:9.756	error_deg:0.244	p_deg_s:0.488	i_deg_s:0.000	d_deg_s:0.000	pid_deg_s:0.488	speed_deg_s:0.000	u_deg_s:0.000	v_limit_deg_s:10.000	dt_ms:10.001	kp:2.0000	ki:0.0000	kd:0.0000	t_s:11.701
target_deg:10.000	position_deg:9.668	error_deg:0.332	p_deg_s:0.664	i_deg_s:0.000	d_deg_s:0.000	pid_deg_s:0.664	speed_deg_s:0.000	u_deg_s:0.000	v_limit_deg_s:10.000	dt_ms:10.003	kp:2.0000	ki:0.0000	kd:0.0000	t_s:11.801
target_deg:10.000	position_deg:9.756	error_deg:0.244	p_deg_s:0.488	i_deg_s:0.000	d_deg_s:0.000	pid_deg_s:0.488	speed_deg_s:0.000	u_deg_s:0.000	v_limit_deg_s:10.000	dt_ms:10.001	kp:2.0000	ki:0.0000	kd:0.0000	t_s:11.901
target_deg:10.000	position_deg:9.756	error_deg:0.244	p_deg_s:0.488	i_deg_s:0.000	d_deg_s:0.000	pid_deg_s:0.488	speed_deg_s:0.000	u_deg_s:0.000	v_limit_deg_s:10.000	dt_ms:10.001	kp:2.0000	ki:0.0000	kd:0.0000	t_s:12.001
target_deg:10.000	position_deg:9.756	error_deg:0.244	p_deg_s:0.488	i_deg_s:0.000	d_deg_s:0.000	pid_deg_s:0.488	speed_deg_s:0.000	u_deg_s:0.000	v_limit_deg_s:10.000	dt_ms:10.000	kp:2.0000	ki:0.0000	kd:0.0000	t_s:12.101
target_deg:10.000	position_deg:9.668	error_deg:0.332	p_deg_s:0.664	i_deg_s:0.000	d_deg_s:0.000	pid_deg_s:0.664	speed_deg_s:0.000	u_deg_s:0.000	v_limit_deg_s:10.000	dt_ms:10.001	kp:2.0000	ki:0.0000	kd:0.0000	t_s:12.201
target_deg:10.000	position_deg:9.756	error_deg:0.244	p_deg_s:0.488	i_deg_s:0.000	d_deg_s:0.000	pid_deg_s:0.488	speed_deg_s:0.000	u_deg_s:0.000	v_limit_deg_s:10.000	dt_ms:10.001	kp:2.0000	ki:0.0000	kd:0.0000	t_s:12.301
target_deg:10.000	position_deg:9.756	error_deg:0.244	p_deg_s:0.488	i_deg_s:0.000	d_deg_s:0.000	pid_deg_s:0.488	speed_deg_s:0.000	u_deg_s:0.000	v_limit_deg_s:10.000	dt_ms:10.002	kp:2.0000	ki:0.0000	kd:0.0000	t_s:12.401
target_deg:10.000	position_deg:9.668	error_deg:0.332	p_deg_s:0.664	i_deg_s:0.000	d_deg_s:0.000	pid_deg_s:0.664	speed_deg_s:0.000	u_deg_s:0.000	v_limit_deg_s:10.000	dt_ms:10.001	kp:2.0000	ki:0.0000	kd:0.0000	t_s:12.501
target_deg:10.000	position_deg:9.668	error_deg:0.332	p_deg_s:0.664	i_deg_s:0.000	d_deg_s:0.000	pid_deg_s:0.664	speed_deg_s:0.000	u_deg_s:0.000	v_limit_deg_s:10.000	dt_ms:10.001	kp:2.0000	ki:0.0000	kd:0.0000	t_s:12.601
target_deg:10.000	position_deg:9.756	error_deg:0.244	p_deg_s:0.488	i_deg_s:0.000	d_deg_s:0.000	pid_deg_s:0.488	speed_deg_s:0.000	u_deg_s:0.000	v_limit_deg_s:10.000	dt_ms:10.002	kp:2.0000	ki:0.0000	kd:0.0000	t_s:12.701
target_deg:10.000	position_deg:9.756	error_deg:0.244	p_deg_s:0.488	i_deg_s:0.000	d_deg_s:0.000	pid_deg_s:0.488	speed_deg_s:0.000	u_deg_s:0.000	v_limit_deg_s:10.000	dt_ms:10.000	kp:2.0000	ki:0.0000	kd:0.0000	t_s:12.801
target_deg:10.000	position_deg:9.756	error_deg:0.244	p_deg_s:0.488	i_deg_s:0.000	d_deg_s:0.000	pid_deg_s:0.488	speed_deg_s:0.000	u_deg_s:0.000	v_limit_deg_s:10.000	dt_ms:10.001	kp:2.0000	ki:0.0000	kd:0.0000	t_s:12.901
target_deg:10.000	position_deg:9.756	error_deg:0.244	p_deg_s:0.488	i_deg_s:0.000	d_deg_s:0.000	pid_deg_s:0.488	speed_deg_s:0.000	u_deg_s:0.000	v_limit_deg_s:10.000	dt_ms:10.001	kp:2.0000	ki:0.0000	kd:0.0000	t_s:13.001
target_deg:10.000	position_deg:9.756	error_deg:0.244	p_deg_s:0.488	i_deg_s:0.000	d_deg_s:0.000	pid_deg_s:0.488	speed_deg_s:0.000	u_deg_s:0.000	v_limit_deg_s:10.000	dt_ms:10.002	kp:2.0000	ki:0.0000	kd:0.0000	t_s:13.101
target_deg:10.000	position_deg:9.756	error_deg:0.244	p_deg_s:0.488	i_deg_s:0.000	d_deg_s:0.000	pid_deg_s:0.488	speed_deg_s:0.000	u_deg_s:0.000	v_limit_deg_s:10.000	dt_ms:10.001	kp:2.0000	ki:0.0000	kd:0.0000	t_s:13.201
target_deg:10.000	position_deg:9.756	error_deg:0.244	p_deg_s:0.488	i_deg_s:0.000	d_deg_s:0.000	pid_deg_s:0.488	speed_deg_s:0.000	u_deg_s:0.000	v_limit_deg_s:10.000	dt_ms:10.001	kp:2.0000	ki:0.0000	kd:0.0000	t_s:13.301
target_deg:10.000	position_deg:9.756	error_deg:0.244	p_deg_s:0.488	i_deg_s:0.000	d_deg_s:0.000	pid_deg_s:0.488	speed_deg_s:0.000	u_deg_s:0.000	v_limit_deg_s:10.000	dt_ms:10.002	kp:2.0000	ki:0.0000	kd:0.0000	t_s:13.401
target_deg:10.000	position_deg:9.756	error_deg:0.244	p_deg_s:0.488	i_deg_s:0.000	d_deg_s:0.000	pid_deg_s:0.488	speed_deg_s:0.000	u_deg_s:0.000	v_limit_deg_s:10.000	dt_ms:10.001	kp:2.0000	ki:0.0000	kd:0.0000	t_s:13.501
target_deg:10.000	position_deg:9.756	error_deg:0.244	p_deg_s:0.488	i_deg_s:0.000	d_deg_s:0.000	pid_deg_s:0.488	speed_deg_s:0.000	u_deg_s:0.000	v_limit_deg_s:10.000	dt_ms:10.001	kp:2.0000	ki:0.0000	kd:0.0000	t_s:13.601
target_deg:10.000	position_deg:9.756	error_deg:0.244	p_deg_s:0.488	i_deg_s:0.000	d_deg_s:0.000	pid_deg_s:0.488	speed_deg_s:0.000	u_deg_s:0.000	v_limit_deg_s:10.000	dt_ms:10.001	kp:2.0000	ki:0.0000	kd:0.0000	t_s:13.701
target_deg:10.000	position_deg:9.668	error_deg:0.332	p_deg_s:0.664	i_deg_s:0.000	d_deg_s:0.000	pid_deg_s:0.664	speed_deg_s:0.000	u_deg_s:0.000	v_limit_deg_s:10.000	dt_ms:10.000	kp:2.0000	ki:0.0000	kd:0.0000	t_s:13.801
target_deg:10.000	position_deg:9.756	error_deg:0.244	p_deg_s:0.488	i_deg_s:0.000	d_deg_s:0.000	pid_deg_s:0.488	speed_deg_s:0.000	u_deg_s:0.000	v_limit_deg_s:10.000	dt_ms:10.003	kp:2.0000	ki:0.0000	kd:0.0000	t_s:13.901
target_deg:10.000	position_deg:9.756	error_deg:0.244	p_deg_s:0.488	i_deg_s:0.000	d_deg_s:0.000	pid_deg_s:0.488	speed_deg_s:0.000	u_deg_s:0.000	v_limit_deg_s:10.000	dt_ms:10.003	kp:2.0000	ki:0.0000	kd:0.0000	t_s:14.001
target_deg:10.000	position_deg:9.756	error_deg:0.244	p_deg_s:0.488	i_deg_s:0.000	d_deg_s:0.000	pid_deg_s:0.488	speed_deg_s:0.000	u_deg_s:0.000	v_limit_deg_s:10.000	dt_ms:10.003	kp:2.0000	ki:0.0000	kd:0.0000	t_s:14.101
target_deg:10.000	position_deg:9.756	error_deg:0.244	p_deg_s:0.488	i_deg_s:0.000	d_deg_s:0.000	pid_deg_s:0.488	speed_deg_s:0.000	u_deg_s:0.000	v_limit_deg_s:10.000	dt_ms:10.000	kp:2.0000	ki:0.0000	kd:0.0000	t_s:14.201
target_deg:10.000	position_deg:9.668	error_deg:0.332	p_deg_s:0.664	i_deg_s:0.000	d_deg_s:0.000	pid_deg_s:0.664	speed_deg_s:0.000	u_deg_s:0.000	v_limit_deg_s:10.000	dt_ms:10.002	kp:2.0000	ki:0.0000	kd:0.0000	t_s:14.301
target_deg:10.000	position_deg:9.756	error_deg:0.244	p_deg_s:0.488	i_deg_s:0.000	d_deg_s:0.000	pid_deg_s:0.488	speed_deg_s:0.000	u_deg_s:0.000	v_limit_deg_s:10.000	dt_ms:10.001	kp:2.0000	ki:0.0000	kd:0.0000	t_s:14.401
target_deg:10.000	position_deg:9.756	error_deg:0.244	p_deg_s:0.488	i_deg_s:0.000	d_deg_s:0.000	pid_deg_s:0.488	speed_deg_s:0.000	u_deg_s:0.000	v_limit_deg_s:10.000	dt_ms:10.003	kp:2.0000	ki:0.0000	kd:0.0000	t_s:14.501
target_deg:10.000	position_deg:9.668	error_deg:0.332	p_deg_s:0.664	i_deg_s:0.000	d_deg_s:0.000	pid_deg_s:0.664	speed_deg_s:0.000	u_deg_s:0.000	v_limit_deg_s:10.000	dt_ms:10.003	kp:2.0000	ki:0.0000	kd:0.0000	t_s:14.601
target_deg:10.000	position_deg:9.668	error_deg:0.332	p_deg_s:0.664	i_deg_s:0.000	d_deg_s:0.000	pid_deg_s:0.664	speed_deg_s:0.000	u_deg_s:0.000	v_limit_deg_s:10.000	dt_ms:10.001	kp:2.0000	ki:0.0000	kd:0.0000	t_s:14.701
target_deg:10.000	position_deg:9.668	error_deg:0.332	p_deg_s:0.664	i_deg_s:0.000	d_deg_s:0.000	pid_deg_s:0.664	speed_deg_s:0.000	u_deg_s:0.000	v_limit_deg_s:10.000	dt_ms:10.000	kp:2.0000	ki:0.0000	kd:0.0000	t_s:14.801
target_deg:10.000	position_deg:9.668	error_deg:0.332	p_deg_s:0.664	i_deg_s:0.000	d_deg_s:0.000	pid_deg_s:0.664	speed_deg_s:0.000	u_deg_s:0.000	v_limit_deg_s:10.000	dt_ms:10.001	kp:2.0000	ki:0.0000	kd:0.0000	t_s:14.901
target_deg:10.000	position_deg:9.756	error_deg:0.244	p_deg_s:0.488	i_deg_s:0.000	d_deg_s:0.000	pid_deg_s:0.488	speed_deg_s:0.000	u_deg_s:0.000	v_limit_deg_s:10.000	dt_ms:10.002	kp:2.0000	ki:0.0000	kd:0.0000	t_s:15.001
target_deg:10.000	position_deg:9.756	error_deg:0.244	p_deg_s:0.488	i_deg_s:0.000	d_deg_s:0.000	pid_deg_s:0.488	speed_deg_s:0.000	u_deg_s:0.000	v_limit_deg_s:10.000	dt_ms:10.001	kp:2.0000	ki:0.0000	kd:0.0000	t_s:15.101
target_deg:10.000	position_deg:9.668	error_deg:0.332	p_deg_s:0.664	i_deg_s:0.000	d_deg_s:0.000	pid_deg_s:0.664	speed_deg_s:0.000	u_deg_s:0.000	v_limit_deg_s:10.000	dt_ms:10.000	kp:2.0000	ki:0.0000	kd:0.0000	t_s:15.201
target_deg:10.000	position_deg:9.668	error_deg:0.332	p_deg_s:0.664	i_deg_s:0.000	d_deg_s:0.000	pid_deg_s:0.664	speed_deg_s:0.000	u_deg_s:0.000	v_limit_deg_s:10.000	dt_ms:10.000	kp:2.0000	ki:0.0000	kd:0.0000	t_s:15.301
target_deg:10.000	position_deg:9.756	error_deg:0.244	p_deg_s:0.488	i_deg_s:0.000	d_deg_s:0.000	pid_deg_s:0.488	speed_deg_s:0.000	u_deg_s:0.000	v_limit_deg_s:10.000	dt_ms:10.001	kp:2.0000	ki:0.0000	kd:0.0000	t_s:15.401
target_deg:10.000	position_deg:9.668	error_deg:0.332	p_deg_s:0.664	i_deg_s:0.000	d_deg_s:0.000	pid_deg_s:0.664	speed_deg_s:0.000	u_deg_s:0.000	v_limit_deg_s:10.000	dt_ms:10.001	kp:2.0000	ki:0.0000	kd:0.0000	t_s:15.501
target_deg:10.000	position_deg:9.756	error_deg:0.244	p_deg_s:0.488	i_deg_s:0.000	d_deg_s:0.000	pid_deg_s:0.488	speed_deg_s:0.000	u_deg_s:0.000	v_limit_deg_s:10.000	dt_ms:10.001	kp:2.0000	ki:0.0000	kd:0.0000	t_s:15.601
target_deg:10.000	position_deg:9.756	error_deg:0.244	p_deg_s:0.488	i_deg_s:0.000	d_deg_s:0.000	pid_deg_s:0.488	speed_deg_s:0.000	u_deg_s:0.000	v_limit_deg_s:10.000	dt_ms:10.001	kp:2.0000	ki:0.0000	kd:0.0000	t_s:15.701
target_deg:10.000	position_deg:9.756	error_deg:0.244	p_deg_s:0.488	i_deg_s:0.000	d_deg_s:0.000	pid_deg_s:0.488	speed_deg_s:0.000	u_deg_s:0.000	v_limit_deg_s:10.000	dt_ms:10.002	kp:2.0000	ki:0.0000	kd:0.0000	t_s:15.801
target_deg:10.000	position_deg:9.756	error_deg:0.244	p_deg_s:0.488	i_deg_s:0.000	d_deg_s:0.000	pid_deg_s:0.488	speed_deg_s:0.000	u_deg_s:0.000	v_limit_deg_s:10.000	dt_ms:10.000	kp:2.0000	ki:0.0000	kd:0.0000	t_s:15.901
target_deg:10.000	position_deg:9.668	error_deg:0.332	p_deg_s:0.664	i_deg_s:0.000	d_deg_s:0.000	pid_deg_s:0.664	speed_deg_s:0.000	u_deg_s:0.000	v_limit_deg_s:10.000	dt_ms:10.000	kp:2.0000	ki:0.0000	kd:0.0000	t_s:16.001
target_deg:10.000	position_deg:9.756	error_deg:0.244	p_deg_s:0.488	i_deg_s:0.000	d_deg_s:0.000	pid_deg_s:0.488	speed_deg_s:0.000	u_deg_s:0.000	v_limit_deg_s:10.000	dt_ms:10.002	kp:2.0000	ki:0.0000	kd:0.0000	t_s:16.101
target_deg:10.000	position_deg:9.668	error_deg:0.332	p_deg_s:0.664	i_deg_s:0.000	d_deg_s:0.000	pid_deg_s:0.664	speed_deg_s:0.000	u_deg_s:0.000	v_limit_deg_s:10.000	dt_ms:10.000	kp:2.0000	ki:0.0000	kd:0.0000	t_s:16.201
target_deg:10.000	position_deg:9.756	error_deg:0.244	p_deg_s:0.488	i_deg_s:0.000	d_deg_s:0.000	pid_deg_s:0.488	speed_deg_s:0.000	u_deg_s:0.000	v_limit_deg_s:10.000	dt_ms:10.000	kp:2.0000	ki:0.0000	kd:0.0000	t_s:16.301
target_deg:10.000	position_deg:9.668	error_deg:0.332	p_deg_s:0.664	i_deg_s:0.000	d_deg_s:0.000	pid_deg_s:0.664	speed_deg_s:0.000	u_deg_s:0.000	v_limit_deg_s:10.000	dt_ms:10.000	kp:2.0000	ki:0.0000	kd:0.0000	t_s:16.401
target_deg:10.000	position_deg:9.756	error_deg:0.244	p_deg_s:0.488	i_deg_s:0.000	d_deg_s:0.000	pid_deg_s:0.488	speed_deg_s:0.000	u_deg_s:0.000	v_limit_deg_s:10.000	dt_ms:10.002	kp:2.0000	ki:0.0000	kd:0.0000	t_s:16.501
target_deg:10.000	position_deg:9.756	error_deg:0.244	p_deg_s:0.488	i_deg_s:0.000	d_deg_s:0.000	pid_deg_s:0.488	speed_deg_s:0.000	u_deg_s:0.000	v_limit_deg_s:10.000	dt_ms:10.001	kp:2.0000	ki:0.0000	kd:0.0000	t_s:16.601
target_deg:10.000	position_deg:9.756	error_deg:0.244	p_deg_s:0.488	i_deg_s:0.000	d_deg_s:0.000	pid_deg_s:0.488	speed_deg_s:0.000	u_deg_s:0.000	v_limit_deg_s:10.000	dt_ms:10.001	kp:2.0000	ki:0.0000	kd:0.0000	t_s:16.701
target_deg:10.000	position_deg:9.756	error_deg:0.244	p_deg_s:0.488	i_deg_s:0.000	d_deg_s:0.000	pid_deg_s:0.488	speed_deg_s:0.000	u_deg_s:0.000	v_limit_deg_s:10.000	dt_ms:10.001	kp:2.0000	ki:0.0000	kd:0.0000	t_s:16.801
target_deg:10.000	position_deg:9.668	error_deg:0.332	p_deg_s:0.664	i_deg_s:0.000	d_deg_s:0.000	pid_deg_s:0.664	speed_deg_s:0.000	u_deg_s:0.000	v_limit_deg_s:10.000	dt_ms:10.001	kp:2.0000	ki:0.0000	kd:0.0000	t_s:16.901
target_deg:10.000	position_deg:9.756	error_deg:0.244	p_deg_s:0.488	i_deg_s:0.000	d_deg_s:0.000	pid_deg_s:0.488	speed_deg_s:0.000	u_deg_s:0.000	v_limit_deg_s:10.000	dt_ms:10.001	kp:2.0000	ki:0.0000	kd:0.0000	t_s:17.001
target_deg:10.000	position_deg:9.756	error_deg:0.244	p_deg_s:0.488	i_deg_s:0.000	d_deg_s:0.000	pid_deg_s:0.488	speed_deg_s:0.000	u_deg_s:0.000	v_limit_deg_s:10.000	dt_ms:10.001	kp:2.0000	ki:0.0000	kd:0.0000	t_s:17.101
target_deg:10.000	position_deg:9.756	error_deg:0.244	p_deg_s:0.488	i_deg_s:0.000	d_deg_s:0.000	pid_deg_s:0.488	speed_deg_s:0.000	u_deg_s:0.000	v_limit_deg_s:10.000	dt_ms:10.001	kp:2.0000	ki:0.0000	kd:0.0000	t_s:17.202
target_deg:10.000	position_deg:9.756	error_deg:0.244	p_deg_s:0.488	i_deg_s:0.000	d_deg_s:0.000	pid_deg_s:0.488	speed_deg_s:0.000	u_deg_s:0.000	v_limit_deg_s:10.000	dt_ms:10.001	kp:2.0000	ki:0.0000	kd:0.0000	t_s:17.302
target_deg:10.000	position_deg:9.756	error_deg:0.244	p_deg_s:0.488	i_deg_s:0.000	d_deg_s:0.000	pid_deg_s:0.488	speed_deg_s:0.000	u_deg_s:0.000	v_limit_deg_s:10.000	dt_ms:10.002	kp:2.0000	ki:0.0000	kd:0.0000	t_s:17.402
target_deg:10.000	position_deg:9.756	error_deg:0.244	p_deg_s:0.488	i_deg_s:0.000	d_deg_s:0.000	pid_deg_s:0.488	speed_deg_s:0.000	u_deg_s:0.000	v_limit_deg_s:10.000	dt_ms:10.002	kp:2.0000	ki:0.0000	kd:0.0000	t_s:17.502
target_deg:10.000	position_deg:9.756	error_deg:0.244	p_deg_s:0.488	i_deg_s:0.000	d_deg_s:0.000	pid_deg_s:0.488	speed_deg_s:0.000	u_deg_s:0.000	v_limit_deg_s:10.000	dt_ms:10.000	kp:2.0000	ki:0.0000	kd:0.0000	t_s:17.602
target_deg:10.000	position_deg:9.756	error_deg:0.244	p_deg_s:0.488	i_deg_s:0.000	d_deg_s:0.000	pid_deg_s:0.488	speed_deg_s:0.000	u_deg_s:0.000	v_limit_deg_s:10.000	dt_ms:10.002	kp:2.0000	ki:0.0000	kd:0.0000	t_s:17.702
target_deg:10.000	position_deg:9.756	error_deg:0.244	p_deg_s:0.488	i_deg_s:0.000	d_deg_s:0.000	pid_deg_s:0.488	speed_deg_s:0.000	u_deg_s:0.000	v_limit_deg_s:10.000	dt_ms:10.002	kp:2.0000	ki:0.0000	kd:0.0000	t_s:17.802
target_deg:10.000	position_deg:9.668	error_deg:0.332	p_deg_s:0.664	i_deg_s:0.000	d_deg_s:0.000	pid_deg_s:0.664	speed_deg_s:0.000	u_deg_s:0.000	v_limit_deg_s:10.000	dt_ms:10.001	kp:2.0000	ki:0.0000	kd:0.0000	t_s:17.902
target_deg:10.000	position_deg:9.756	error_deg:0.244	p_deg_s:0.488	i_deg_s:0.000	d_deg_s:0.000	pid_deg_s:0.488	speed_deg_s:0.000	u_deg_s:0.000	v_limit_deg_s:10.000	dt_ms:10.002	kp:2.0000	ki:0.0000	kd:0.0000	t_s:18.002
target_deg:10.000	position_deg:9.756	error_deg:0.244	p_deg_s:0.488	i_deg_s:0.000	d_deg_s:0.000	pid_deg_s:0.488	speed_deg_s:0.000	u_deg_s:0.000	v_limit_deg_s:10.000	dt_ms:10.003	kp:2.0000	ki:0.0000	kd:0.0000	t_s:18.102
target_deg:10.000	position_deg:9.756	error_deg:0.244	p_deg_s:0.488	i_deg_s:0.000	d_deg_s:0.000	pid_deg_s:0.488	speed_deg_s:0.000	u_deg_s:0.000	v_limit_deg_s:10.000	dt_ms:10.001	kp:2.0000	ki:0.0000	kd:0.0000	t_s:18.202
target_deg:10.000	position_deg:9.756	error_deg:0.244	p_deg_s:0.488	i_deg_s:0.000	d_deg_s:0.000	pid_deg_s:0.488	speed_deg_s:0.000	u_deg_s:0.000	v_limit_deg_s:10.000	dt_ms:10.000	kp:2.0000	ki:0.0000	kd:0.0000	t_s:18.302
target_deg:10.000	position_deg:9.756	error_deg:0.244	p_deg_s:0.488	i_deg_s:0.000	d_deg_s:0.000	pid_deg_s:0.488	speed_deg_s:0.000	u_deg_s:0.000	v_limit_deg_s:10.000	dt_ms:10.001	kp:2.0000	ki:0.0000	kd:0.0000	t_s:18.402
target_deg:10.000	position_deg:9.756	error_deg:0.244	p_deg_s:0.488	i_deg_s:0.000	d_deg_s:0.000	pid_deg_s:0.488	speed_deg_s:0.000	u_deg_s:0.000	v_limit_deg_s:10.000	dt_ms:10.000	kp:2.0000	ki:0.0000	kd:0.0000	t_s:18.502
target_deg:10.000	position_deg:9.756	error_deg:0.244	p_deg_s:0.488	i_deg_s:0.000	d_deg_s:0.000	pid_deg_s:0.488	speed_deg_s:0.000	u_deg_s:0.000	v_limit_deg_s:10.000	dt_ms:10.001	kp:2.0000	ki:0.0000	kd:0.0000	t_s:18.602
target_deg:10.000	position_deg:9.668	error_deg:0.332	p_deg_s:0.664	i_deg_s:0.000	d_deg_s:0.000	pid_deg_s:0.664	speed_deg_s:0.000	u_deg_s:0.000	v_limit_deg_s:10.000	dt_ms:10.001	kp:2.0000	ki:0.0000	kd:0.0000	t_s:18.702
target_deg:10.000	position_deg:9.756	error_deg:0.244	p_deg_s:0.488	i_deg_s:0.000	d_deg_s:0.000	pid_deg_s:0.488	speed_deg_s:0.000	u_deg_s:0.000	v_limit_deg_s:10.000	dt_ms:10.001	kp:2.0000	ki:0.0000	kd:0.0000	t_s:18.802
target_deg:10.000	position_deg:9.756	error_deg:0.244	p_deg_s:0.488	i_deg_s:0.000	d_deg_s:0.000	pid_deg_s:0.488	speed_deg_s:0.000	u_deg_s:0.000	v_limit_deg_s:10.000	dt_ms:10.001	kp:2.0000	ki:0.0000	kd:0.0000	t_s:18.902
target_deg:10.000	position_deg:9.756	error_deg:0.244	p_deg_s:0.488	i_deg_s:0.000	d_deg_s:0.000	pid_deg_s:0.488	speed_deg_s:0.000	u_deg_s:0.000	v_limit_deg_s:10.000	dt_ms:10.002	kp:2.0000	ki:0.0000	kd:0.0000	t_s:19.002
